1
745
745
743
745
744
745
744
748
744
745
745
743
744
744
743
744
2
103
103
102
103
103
102
103
103
103
102
103
103
103
102
102
102
3
118
117
117
117
117
117
117
117
119
117
117
117
118
117
117
117
