Started executing select cQuote.sym, last(bid) from cQuote join cS on (cQuote.sym = cS.sym) where date='2016-06-06' group by cQuote.sym
1
58040
14697
10296
12018
10896
10219
10792
11443
10526
12882
11107
10452
12747
11988
11450
11360
Started executing select cTrade.sym, ex, last(price) from cTrade join cS on (cTrade.sym = cS.sym) where date='2016-06-06' group by cTrade.sym, ex
2
11480
2868
2728
2544
2502
2530
2497
2453
2436
2616
2535
2732
2766
2569
2402
2553
Started executing select cTrade.sym, hour(time), avg(size) from cTrade join cS on (cTrade.sym = cS.sym) where date='2016-06-06' group by cTrade.sym, hour(time)
3
3040
2080
2149
2142
1827
1955
1895
1820
1841
1945
1789
1791
1851
1791
1975
1865
