Started executing select quote.sym, Max(bid) from quote join S on (quote.sym = S.sym) where date='2016-06-06' group by quote.sym
4195
3370
3172
2506
2499
2605
2437
2459
2627
2426
2472
2539
2393
2482
2656
2509
Started executing select trade.sym, ex, Max(price) from trade join S on (trade.sym = S.sym) where date='2016-06-06' group by trade.sym, ex
516
473
530
548
527
499
396
389
456
496
536
506
528
442
392
464
Started executing select trade.sym, hour(time), avg(size) from trade join S on (trade.sym = S.sym) where date='2016-06-06' group by trade.sym, hour(time)
509
467
522
499
476
378
361
367
507
480
477
505
441
351
370
423
