12706,25742.4832,1994-11-21,0
6211,40391.5395,1994-11-24,0
13479,25322.3028,1994-12-05,0
24737,130826.7099,1994-12-07,0
8229,66105.6365,1994-12-08,0
3430,6528.7325,1994-12-12,0
29056,113047.8216,1994-12-13,0
21091,12166.9331,1994-12-13,0
19300,93430.4352,1994-12-17,0
577,39887.0078,1994-12-19,0
