658,Customer#000000658,373240.8430,4716.6800,ARGENTINA,9SboxGtXimmJg49IyT3Zt,11-675-750-9832,r ideas about the slyly ironic theodolites integrate according to 
691,Customer#000000691,355280.8154,9566.1500,MOZAMBIQUE,0RkDX6OLU1hISYCLmdLD C,26-741-688-4189,p. ironic, regular foxes against the ironic, special theodolites nod carefully quietly unusu
370,Customer#000000370,348370.8877,8982.7900,JAPAN,oyAPndV IN,22-524-280-8721,ges. final packages haggle quickly. slyly bold 
580,Customer#000000580,346555.0119,-181.6300,IRAQ,wpvPbaPtx5QN,21-444-589-3830,dependencies. final asymptotes haggle among the bold packages. slyly silent 
739,Customer#000000739,329863.9739,6344.1800,KENYA,pAROUfTi3wCEHi1PXu,24-309-302-6776,ly regular accounts. blithely final theodolites sleep blithely. furiously regular decoys cajole blithely. bold de
496,Customer#000000496,327322.1739,8174.8200,JAPAN,Y8oYLlHme6Z4fEzkTu,22-173-644-7922, quickly bold packages. decoys among the blithely pending accounts lose according to the deposits.
730,Customer#000000730,273146.9568,4718.2300,BRAZIL,ORP6ofUwyD1,12-513-973-2702,foxes would cajole furiously slyly special forges; slyly regular pinto beans inste
340,Customer#000000340,269933.0108,4667.1200,BRAZIL,WRnPrKQmAmoMQgHQERoVOhyTklcHMajJlc,12-730-681-4571,es sleep according to the even, unusual Tiresias. carefully bold packages haggle. furiously pending s
403,Customer#000000403,267949.8310,6693.3600,KENYA,9,BVYegfkFLsEMDkeVW,24-753-433-1769,al hockey players; ironic dependencies after t
77,Customer#000000077,259829.3671,1738.8700,PERU,4tAE5KdMFGD4byHtXF92vx,27-269-357-4674,uffily silent requests. carefully ironic asymptotes among the ironic hockey players are carefully bli
181,Customer#000000181,246596.6066,3929.9600,INDONESIA,YNviWd WrRkZvSw1OxIewBq,19-653-305-8440,final requests cajole furiously acro
526,Customer#000000526,246584.3155,705.9300,ARGENTINA,0oAVPhh1I4JdrDafVG2Z8,11-170-679-3115,ctions cajole after the furiously unusual ideas. ironic packages among the instructions are carefully carefully iro
211,Customer#000000211,246286.0486,4198.7200,JORDAN,URhlVPzz4FqXem,23-965-335-9471,furiously regular foxes boost fluffily special ideas. carefully regular dependencies are. slyly ironic 
563,Customer#000000563,227808.1842,3231.7100,JAPAN,2RSC1g7cVd,j23HusdkhdCGmiiE,22-544-152-1215, pinto beans believe fluffily. excuses wake blithely silent requests. b
596,Customer#000000596,224278.9376,1722.8800,ETHIOPIA,hoByQV2JchlIWfzPFW8I0nCI,15-484-811-5482,ecial deposits after the slyly regular packages dazzle furiously across the courts. accounts wake. reg
482,Customer#000000482,217013.5566,4333.3700,JORDAN,389RgNCsmVUKiRskmrQQm90xx JiIxOM0,23-732-448-1610,carefully bold instructions. carefully final instructions wake carefully accounts. accounts cajole slyly ironic acc
263,Customer#000000263,209114.8544,1162.0300,ARGENTINA,Y2pxeGWkTyaq,0RCzIbZ3,11-276-906-3193,usly ironic theodolites cajole furiously. final ep
320,Customer#000000320,208039.6048,6082.7400,JAPAN,pO8rWSwK j,22-358-857-3698,ing requests. furiously regular accounts hinder slyly. final, regular theodolites against the slyly quiet requests
292,Customer#000000292,207677.4154,2975.4300,IRAQ,hCXh3vxC4uje9,21-457-910-2923,usly regular, ironic accounts. blithely regular platelets are carefully. blithely unusual ideas affi
259,Customer#000000259,205916.6988,3335.2900,ETHIOPIA,kwh9i86Wj1Zq14nwTdhxapIkLEI,15-907-674-2046,furiously unusual instructions. s
170,Customer#000000170,205470.4038,7687.8900,MOROCCO,5QmxmYubNhn6HAgLwTvphevM3OmpZTGsM,25-879-984-9818, regular requests. carefully regu
218,Customer#000000218,202553.1546,9541.1900,EGYPT, V1FCIeSseuyNGYfHS Rx0,sc4IsBfReV,14-480-931-8567,lar courts. furiously pending dependencies cajole blithely? fluffily regular deposits cajol
140,Customer#000000140,201005.7131,9963.1500,EGYPT,XRqEPiKgcETII,iOLDZp5jA,14-273-885-6505,ies detect slyly ironic accounts. slyly ironic theodolites hag
344,Customer#000000344,199702.2903,-544.9500,BRAZIL,Zasc8,E0VVY,12-810-788-6699,le according to the regular instruction
505,Customer#000000505,195316.8435,6557.5100,BRAZIL,MAUkwAyEvg61RlCMomspMs0WzYa,Ns,12-530-647-8313,mptotes haggle around the theodolites. furiously bold accounts detect quickly packages. special pinto beans 
718,Customer#000000718,194234.2108,8438.4000,SAUDI ARABIA,w,GXCSSI4NEHAFPKG,30-605-635-8197, regular packages-- pinto beans detect ironically. furiously even accounts detect unusual, pendin
434,Customer#000000434,185634.8508,2940.4600,CANADA,6LGAf2hv4MB5MJhfvNsg,13-325-443-1474,lly final Tiresias. blithely regular ideas nag stealthily about the furiously 
556,Customer#000000556,185098.0080,7944.2200,ARGENTINA,UMHllVkuyQUQ3aLXCVRxrXatsyd0AL6Xw,11-934-412-5846,nt excuses! carefully final requests solve quick
14,Customer#000000014,184253.1209,5266.3000,ARGENTINA,KXkletMlL2JQEA ,11-845-129-3851,, ironic packages across the unus
335,Customer#000000335,176788.3123,6837.4600,VIETNAM,d2JCYLr2F9tC1AZMIvbIYPDQA,31-772-165-3138, requests haggle carefully about the quickly special escapades. regular a
424,Customer#000000424,176724.2205,1866.4200,ROMANIA,i4cf3kmRE9IJr,cu,1,29-891-311-6778,bove the express, final deposits wake furiously furiou
112,Customer#000000112,174165.0653,2953.3500,ROMANIA,RcfgG3bO7QeCnfjqJT1,29-233-262-8382,rmanently unusual multipliers. blithely ruthless deposits are furiously along the
547,Customer#000000547,172650.5896,6058.0800,RUSSIA,4h SK3dVkE1tQ0NCh,32-696-724-2981,y express deposits. slyly ironic deposits nod slyly slyly ironic instructions. carefully quick idea
631,Customer#000000631,171232.9064,2603.0000,ROMANIA,By LIK3TbJ67sJLlpaoOCXZheuX,29-864-813-2575,bold platelets haggle. slyly even pearls can solve slyly among the final foxes. slyly unusual r
376,Customer#000000376,169995.1121,4231.4500,MOZAMBIQUE,4NwsvFQU T4mSgzvU1Rx2ZtHOGyaNyhe,26-437-952-8986,gs cajole quickly. bold asymptotes wake regularly along the quickly 
178,Customer#000000178,168367.9363,2272.5000,VIETNAM,p HUSDg8Cgan4Fj8Drvcdz4gi4dSqV0a7n 0ag,31-436-268-6327,unts. blithely regular dependencies kindle pending deposits. quietly express deposits wake above the Tiresias-- ex
701,Customer#000000701,165269.9790,148.9800,BRAZIL,yQU8LcjocNHkk1hse30M0U1f46MrU6dB,12-323-784-5793,c packages. blithely final instructions according to the regular pinto beans
148,Customer#000000148,161287.3512,2135.6000,IRAQ,BhSPlEWGvIJyT9swk vCWE,21-562-498-6636,ing to the carefully ironic requests. carefully regular dependencies about the theodolites wake furious
397,Customer#000000397,160656.8348,709.4600,GERMANY,EzR2BKJ85SmBDS,17-103-357-8777,al theodolites. regular accounts are regular, silent foxes. unusual asymptotes above t
601,Customer#000000601,160468.7232,9768.2100,ARGENTINA,P3 Dv,6yllTNmL9yt6NUZZPZjvM2coWJd,11-104-635-9839,ly according to the unusual foxes. carefully ironic accounts haggle accounts-- regular dolphins will integ
559,Customer#000000559,159997.5093,5872.9400,GERMANY,A3ACFoVbP,gPe xknVJMWC,wmRxb Nmg fWFS,UP,17-395-429-6655,al accounts cajole carefully across the accounts. furiously pending pinto beans across the 
436,Customer#000000436,159346.5879,5896.8700,ROMANIA,4DCNzAT842cVYTcaUS94kR0QXHSRM5oco0D6Z,29-927-687-6390,olites engage carefully. slyly ironic asymptotes about the ironi
625,Customer#000000625,154037.0638,5744.8900,JORDAN,uvgDE6eQ2bJp4BkHyVdpYYC8,23-789-801-2873,, pending deposits. sly theodolites along the carefully unusual
337,Customer#000000337,153756.5738,-270.5900,ALGERIA,EluRTlO4pE7u0XSKKyvKvVyt4sADWFRLZuiyn,10-337-165-1106,ld requests sleep quickly. carefully express tithes wake carefully ac
620,Customer#000000620,152355.2144,5795.1500,INDIA,3ztw9KQqKGNsiMM,I1 6g2f,u2Pm5LhlSEe8ZK1k,18-466-916-8135,ructions boost furiously among the slyly final dolphins. regular, regular ideas w
442,Customer#000000442,151662.2015,4157.0000,ARGENTINA,rvgayfJFLO2cjzMA,11-240-523-8711,lets would affix fluffily. regular, regular ideas ought to haggle carefully blit
307,Customer#000000307,146075.7033,346.5900,JORDAN,xvkJ13gs7GH,23-836-934-5394, ironic platelets nag against the bold pinto 
742,Customer#000000742,143364.4180,6381.2400,JAPAN,2qRObRkFktME6SsNV0Pa3L8txbA0AFtXuWsKrkW,22-610-582-8610,eodolites alongside of the daringly ironic deposi
133,Customer#000000133,142369.9754,2314.6700,PERU,IMCuXdpIvdkYO92kgDGuyHgojcUs88p,27-408-997-8430,t packages. express pinto beans are blithely along the unusual, even theodolites. silent packages use fu
367,Customer#000000367,138593.2720,9108.6500,JORDAN,yZaDoEZCqt2VMTVKoZUkf6gJ4yj,23-939-319-4691,eodolites under the ironic, stealthy requests affix furiously among the unusual tit
616,Customer#000000616,138198.3576,6898.6500,ARGENTINA,yvUE7Qy3Ub6uGhPkuEJeOI,11-275-121-4443,ts. blithely bold packages sleep 
80,Customer#000000080,137177.5590,7383.5300,ALGERIA,K,vtXp8qYB ,10-267-172-7101,tect among the dependencies. bold accounts engage closely even pinto beans. ca
214,Customer#000000214,136712.1940,1526.5900,INDIA,MpCwhcLrbcIM7AeKS9tRM09by,18-180-678-6165,grow. fluffily regular pinto beans according to the regular accounts affix quickly pe
325,Customer#000000325,134216.1128,2377.3400,MOROCCO,Z I43vl3ta3iYmjXNaSM d6Pe24ibjhdvPSi,25-823-702-9630,nal foxes alongside of the always bold
115,Customer#000000115,134071.3712,7508.9200,INDIA,0WFt1IXENmUT2BgbsB0ShVKJZt0HCBCbFl0aHc,18-971-699-1843,sits haggle above the carefully ironic theodolite
31,Customer#000000031,133539.8496,5236.8900,UNITED KINGDOM,LUACbO0viaAv6eXOAebryDB xjVst,33-197-837-7094,s use among the blithely pending depo
101,Customer#000000101,132689.3771,7470.9600,BRAZIL,sMmL2rNeHDltovSm Y,12-514-298-3699, sleep. pending packages detect slyly ironic pack
617,Customer#000000617,131767.5558,3625.9300,KENYA,Ifjxbt3Y4mGu,24-527-532-7752,deas sleep slyly? final, even gifts about the furiously regular
514,Customer#000000514,131615.4821,5840.9700,UNITED KINGDOM,0qD6Nwp3tG3QqCq9qvRAzT6N8L,33-194-775-6756,carefully final ideas. quickly final packages are. requests haggle slyly. blithely pending sauternes lose bl
184,Customer#000000184,124186.7059,170.4600,VIETNAM,uoOpBuRr42f1WIqnVYAhxbAA9bkK6HUGpOt,31-739-340-5476,hely according to the furiously unusual accounts. furiously bold platele
506,Customer#000000506,124010.1436,1179.8500,JORDAN,dT kFaJww1B,23-895-781-8227, idle instructions impress blithely along the carefully unusual notornis. furiously even packages
301,Customer#000000301,123546.0305,9305.0500,GERMANY,FtFq9Cgg5UAzUL,17-265-345-9265,ular, regular notornis sleep along the furiously pending foxes
733,Customer#000000733,120654.7985,4351.0900,JORDAN,Ks7Ed2g7zDP905tLGdGcFtomDNchNdaPK2cd,23-110-948-6754, furiously. pending, quiet packages nag slyly. stealthy pinto beans haggle 
59,Customer#000000059,119398.4342,3458.6000,ARGENTINA,zLOCP0wh92OtBihgspOGl4,11-355-584-3112,ously final packages haggle blithely after the express deposits. furiou
488,Customer#000000488,119142.7242,-275.5800,CANADA,bBcMjFPTysSTaTdHcoO,13-513-778-1881,thely above the carefully ironic accounts. excuse
191,Customer#000000191,118989.6030,2945.1600,MOZAMBIQUE,P1eCXsPWkv2y6ENQv,26-811-707-6869,o beans hinder slyly bold accounts.
332,Customer#000000332,118370.0886,-267.0900,RUSSIA,Jfosq,G6ziag7M04IvCx7SMRafyYvSI,Do,32-767-972-2596, around the pinto beans. final theodolites haggle
373,Customer#000000373,117240.1788,2354.0600,SAUDI ARABIA,2hrQ wHkbaNlJCzY,mVkugMIE 8ryNlaA3JHDTjJ,30-883-170-4010,requests wake blithely even packages. slyly ironic deposits haggle blithely 
25,Customer#000000025,114894.5332,7133.7000,JAPAN,Hp8GyFQgGHFYSilH5tBfe,22-603-468-3533,y. accounts sleep ruthlessly according to the regular theodolites. unusual instructions sleep. ironic, final
605,Customer#000000605,114743.1402,-549.7300,UNITED KINGDOM,QAxZ0IXgCzUfNjseQCLfh95HEi,33-269-948-8039,ly regular foxes are quickly 
721,Customer#000000721,112969.1780,3420.6400,VIETNAM,N6hr4gV9EkPBuE3Ayu ,31-174-552-2949,ar instructions. packages haggle stealthily ironic deposits. even platelets detect quickly. even sheaves along
470,Customer#000000470,111722.2268,3597.5300,SAUDI ARABIA,v9 gWSuP4WrOjNJRgyJtjbNCChQME,30-507-458-4433,ilent excuses. never ironic requests sleep furiously. daringly f
634,Customer#000000634,110881.2430,6397.5800,SAUDI ARABIA,O09TejHJ6UszNfmqTR cmal8zcs,30-997-704-1110,e above the regular deposits. slyly even requests integrate slyly blithely express forges. regular platele
583,Customer#000000583,109783.1817,3686.0700,JORDAN,V3i6Gu9,LZtvdnNppXnI2eKQFx0b36WvL,F ,23-234-625-4041, haggle. regular, regular accounts hinder carefully i
52,Customer#000000052,109526.9780,5630.2800,IRAQ,7 QOqGqqSy9jfV51BC71jcHJSD0,21-186-284-5998,ic platelets use evenly even accounts. stealthy theodolites cajole furiou
235,Customer#000000235,109324.6820,754.4100,CANADA,bp0rIBMh4fMdQnHBmMnB,13-350-790-6416,hely ruthless instructions again
734,Customer#000000734,109220.4603,9750.7100,CHINA,xULRxhbfzPT5nBh,28-880-175-5173,tions against the ideas haggle furiously quickly regular forges. carefully final requests solve even,
179,Customer#000000179,108550.8411,-43.0800,EGYPT,djez3CWg0nnCiu60jsF,14-703-953-2987,st furiously. idly regular instructions wake fluffily slyl
635,Customer#000000635,105696.0100,8216.7900,BRAZIL,Ftqi0UYvzz56Ov,J6,ySp5WE4vJ2rtY,12-399-186-7550,efully bold deposits doubt above the clos
166,Customer#000000166,104846.7849,2042.2100,IRAN,15HWGtwoP77EJfd95HxtMSTZUelV8NOKne2,20-320-530-5920,the packages. blithely final packages are furiously unusual asymptotes. regular frets promise carefully u
497,Customer#000000497,104349.2502,2191.5900,UNITED KINGDOM,0 qRRXAxUbo1J KDwDMjFde5fXDwn ,33-937-724-3506,fluffy ideas detect carefully 
352,Customer#000000352,103028.5074,6257.8800,INDONESIA,HqhIE5GRTK0dFtWpJUQENU4aa1bwdsUBEWtzUw,19-906-158-8420,ts are. blithely special requests wake. furiously bold packages among the blithely eve
679,Customer#000000679,102348.7500,1394.4400,IRAN,IJf1FlZL9I9m,rvofcoKy5pRUOjUQV,20-146-696-9508,ely pending frays boost carefully
4,Customer#000000004,101436.0251,2866.8300,EGYPT,XxVSJsLAGtn,14-128-190-5944, requests. final, regular ideas sleep final accou
653,Customer#000000653,101431.6268,7307.5500,IRAQ,la,ROBPJ4I2YNzQw,RpbB0sTOjyv3F ZBeWRiQ,21-715-573-6928,aggle bravely deposits. even du
722,Customer#000000722,101082.2309,2724.8000,SAUDI ARABIA,aymiuXFyrALTRIzfbLDvtaj37ydq,30-633-109-9587,leep sometimes express accounts. regular theodolites wake quickly ab
427,Customer#000000427,100694.3298,4376.8000,BRAZIL,LHzXa71U2AGqfbqj1yYYqw2MEXq99dWmY,12-124-309-3821,y even multipliers according to the regu
286,Customer#000000286,99987.2699,-109.7300,RUSSIA,7 7uVDrpkWuozyEd,32-274-308-4633,ly special accounts haggle slyly slyly fluffy req
221,Customer#000000221,98844.2597,1609.3900,MOZAMBIQUE,ripNyyPOewg8AahnZlsM,26-351-738-1001, instructions above the regular requests cajole packages. pending, even 
533,Customer#000000533,98700.6099,5432.7700,MOROCCO,mSt8Gj4JqXXeDScn2CB PIrlnhvqxY,w6Ohku,25-525-957-4486,even dolphins boost furiously among the theodo
541,Customer#000000541,97060.7270,1295.5400,ALGERIA,,Cris88wkHw4Q0XlCLLYVOAJfkxw,10-362-308-9442,according to the final platelets. final, busy requests wake blithely across th
382,Customer#000000382,96469.5094,6269.4200,INDIA,UdgAMamK5JnSykA,ZPfR5W5zRFatDUye,18-942-650-6657,. blithely express notornis according to the blithely even requests are never fina
7,Customer#000000007,94777.3348,9561.9500,CHINA,TcGe5gaZNgVePxU5kRrvXBfkasDTea,28-190-982-9759,ainst the ironic, express theodolites. express, even pinto beans among the exp
401,Customer#000000401,93150.6990,4146.4300,ROMANIA,aKALIG526OK4veQfUh2KmKcE,oRyg,29-667-766-5291,l instructions wake. slyly express deposits us
694,Customer#000000694,92496.5120,2222.6500,IRAN,3ToF2HqyF9mEcP1QgW NMN,6,KsFq6x4u14MS,20-646-375-1939,efully final requests detect blithely. furiously ironic p
68,Customer#000000068,92463.5871,6853.3700,JAPAN,o8AibcCRkXvQFh8hF,7o,22-918-832-2411, pending pinto beans impress realms. final dependencies 
661,Customer#000000661,92078.9815,1735.4400,EGYPT,1MqWuuRVM5y5NlT1kakwke,14-983-203-6472, regular theodolites. brave platelets
106,Customer#000000106,91726.7176,3288.4200,ARGENTINA,xGCOEAUjUNG,11-751-989-4627,lose slyly. ironic accounts along the evenly regular theodolites wake about the special, final gifts. 
169,Customer#000000169,91336.4866,4483.8300,CHINA,NjhmHa7xrcjE,28-362-499-3728,fully unusual pinto beans. blithely express asymptotes lose carefully regular instructions? accounts b
268,Customer#000000268,87041.8797,6821.0100,CANADA,tkSLQoOpfOa601itad05EcN0UmhjZXdyKRc0r,13-720-469-5207,press ideas print quickly. fluffily unusual deposits use blithely eve
