6,Supplier#000000006,tQxuVm7s7CnK,24-696-997-4969,1080265.1423
