Customer#000000334,334,29158,1995-10-21,441562.4700,305.0000
Customer#000000089,89,6882,1997-04-09,389430.9300,303.0000
