13,5,37676.7000
17,5,41431.7400
18,7,51351.0300
23,2,18148.8700
29,6,47247.2500
30,9,65584.2300
31,7,53270.5300
