GERMANY,FRANCE,1995,153417.7246
GERMANY,FRANCE,1996,153685.1444
