658,Customer#000000658,373240.8430,4716.6800,ARGENTINA,9SboxGtXimmJg49IyT3Zt,11-675-750-9832,r ideas about the slyly ironic theodolites integrate according to 
691,Customer#000000691,355280.8154,9566.1500,MOZAMBIQUE,0RkDX6OLU1hISYCLmdLD C,26-741-688-4189,p. ironic, regular foxes against the ironic, special theodolites nod carefully quietly unusu
370,Customer#000000370,348370.8877,8982.7900,JAPAN,oyAPndV IN,22-524-280-8721,ges. final packages haggle quickly. slyly bold 
580,Customer#000000580,346555.0119,-181.6300,IRAQ,wpvPbaPtx5QN,21-444-589-3830,dependencies. final asymptotes haggle among the bold packages. slyly silent 
739,Customer#000000739,329863.9739,6344.1800,KENYA,pAROUfTi3wCEHi1PXu,24-309-302-6776,ly regular accounts. blithely final theodolites sleep blithely. furiously regular decoys cajole blithely. bold de
496,Customer#000000496,327322.1739,8174.8200,JAPAN,Y8oYLlHme6Z4fEzkTu,22-173-644-7922, quickly bold packages. decoys among the blithely pending accounts lose according to the deposits.
730,Customer#000000730,273146.9568,4718.2300,BRAZIL,ORP6ofUwyD1,12-513-973-2702,foxes would cajole furiously slyly special forges; slyly regular pinto beans inste
340,Customer#000000340,269933.0108,4667.1200,BRAZIL,WRnPrKQmAmoMQgHQERoVOhyTklcHMajJlc,12-730-681-4571,es sleep according to the even, unusual Tiresias. carefully bold packages haggle. furiously pending s
403,Customer#000000403,267949.8310,6693.3600,KENYA,9,BVYegfkFLsEMDkeVW,24-753-433-1769,al hockey players; ironic dependencies after t
77,Customer#000000077,259829.3671,1738.8700,PERU,4tAE5KdMFGD4byHtXF92vx,27-269-357-4674,uffily silent requests. carefully ironic asymptotes among the ironic hockey players are carefully bli
181,Customer#000000181,246596.6066,3929.9600,INDONESIA,YNviWd WrRkZvSw1OxIewBq,19-653-305-8440,final requests cajole furiously acro
526,Customer#000000526,246584.3155,705.9300,ARGENTINA,0oAVPhh1I4JdrDafVG2Z8,11-170-679-3115,ctions cajole after the furiously unusual ideas. ironic packages among the instructions are carefully carefully iro
211,Customer#000000211,246286.0486,4198.7200,JORDAN,URhlVPzz4FqXem,23-965-335-9471,furiously regular foxes boost fluffily special ideas. carefully regular dependencies are. slyly ironic 
563,Customer#000000563,227808.1842,3231.7100,JAPAN,2RSC1g7cVd,j23HusdkhdCGmiiE,22-544-152-1215, pinto beans believe fluffily. excuses wake blithely silent requests. b
596,Customer#000000596,224278.9376,1722.8800,ETHIOPIA,hoByQV2JchlIWfzPFW8I0nCI,15-484-811-5482,ecial deposits after the slyly regular packages dazzle furiously across the courts. accounts wake. reg
482,Customer#000000482,217013.5566,4333.3700,JORDAN,389RgNCsmVUKiRskmrQQm90xx JiIxOM0,23-732-448-1610,carefully bold instructions. carefully final instructions wake carefully accounts. accounts cajole slyly ironic acc
263,Customer#000000263,209114.8544,1162.0300,ARGENTINA,Y2pxeGWkTyaq,0RCzIbZ3,11-276-906-3193,usly ironic theodolites cajole furiously. final ep
320,Customer#000000320,208039.6048,6082.7400,JAPAN,pO8rWSwK j,22-358-857-3698,ing requests. furiously regular accounts hinder slyly. final, regular theodolites against the slyly quiet requests
292,Customer#000000292,207677.4154,2975.4300,IRAQ,hCXh3vxC4uje9,21-457-910-2923,usly regular, ironic accounts. blithely regular platelets are carefully. blithely unusual ideas affi
259,Customer#000000259,205916.6988,3335.2900,ETHIOPIA,kwh9i86Wj1Zq14nwTdhxapIkLEI,15-907-674-2046,furiously unusual instructions. s
