A,F,189203.0000,264917151.2300,251722566.7143,261813769.8429,25.2878,35407.2643,0.0501,7482
N,F,4654.0000,6647990.5200,6333568.4966,6584905.2644,26.0000,37139.6118,0.0485,179
N,O,269194.0000,376707514.9700,357845536.3767,372104781.3322,25.6302,35866.6586,0.0500,10503
R,F,191214.0000,267924304.1400,254547618.0700,264804365.8424,25.6732,35972.6509,0.0498,7448
