INDONESIA,471781.3477
INDIA,353624.4297
CHINA,187547.7173
JAPAN,82190.3385
VIETNAM,32202.8928
