Started executing select quote.sym, last(bid) from quote join S on (quote.sym = S.sym) where date='2016-06-06' group by quote.sym
1
1969
536
494
467
492
400
391
384
375
389
414
377
385
403
398
391
Started executing select trade.sym, ex, last(price) from trade join S on (trade.sym = S.sym) where date='2016-06-06' group by trade.sym, ex
2
1224
162
327
140
210
316
177
90
88
124
130
132
110
86
117
137
Started executing select trade.sym, hour(time), avg(size) from trade join S on (trade.sym = S.sym) where date='2016-06-06' group by trade.sym, hour(time)
3
1513
250
146
99
122
88
125
131
221
123
106
101
93
97
96
118
